// Jest Snapshot v1, https://goo.gl/fbAQLP

exports[`no submit if form validation fails 1`] = `
Array [
  Object {
    "name": "",
    "phone": "",
  },
]
`;

exports[`returns array of form props 1`] = `
Object {
  "Form": [Function],
  "addField": [Function],
  "name": Object {
    "label": Immutable.Map {
      "value": "current value of name",
      "getAllValues": [Function],
    },
    "value": "",
  },
  "phone": Object {
    "label": Immutable.Map {
      "value": "current value of phone",
      "getAllValues": [Function],
    },
    "value": "",
  },
  "removeField": [Function],
  "setValue": [Function],
  "submit": [Function],
}
`;

exports[`submit calls worker, merges with initialValues 1`] = `
Array [
  Immutable.Map {
    "name": "new name",
    "id": "id",
    "phone": "new phone",
  },
]
`;
